8967662413395.63 42     ksoftirqd/4    --- stddev: 181235230075.88
8903786606517.93 2212   kworker/4:5    --- stddev: 255497491484.52
8582568958798.14 82     kcompactd0     --- stddev: 237369153925.94
8550595440898.92 2324   kworker/7:2    --- stddev: 248253648985.02
8520530361865.60 60     ksoftirqd/7    --- stddev: 226086909169.31
8077406329227.42 1842   kworker/0:1    --- stddev: 247272059958.39
8022039563655.83 16     ksoftirqd/0    --- stddev: 216045807558.21
7671640447580.36 11435  stress-ng-user --- stddev: 848263056099.28
7667463186625.33 11434  stress-ng-user --- stddev: 853514066193.02
7492428855522.33 72     ksoftirqd/9    --- stddev: 5083080652.02
7491559888732.80 9890   kworker/9:0    --- stddev: 5666347184.82
6984283076791.33 2065   kworker/u20:2  --- stddev: 1648727984944.27
6912916598400.52 11414  stress-ng-cpu  --- stddev: 1263800600612.25
6886744857075.55 394    kworker/1:2    --- stddev: 342422424895.55
6831791335498.37 11456  scheduler_deep --- stddev: 1511311962801.86
6819854281014.12 24     ksoftirqd/1    --- stddev: 326241262660.73
6786384407196.58 11410  stress-ng-cpu  --- stddev: 1372244864839.42
6516229152463.71 11417  stress-ng-cpu  --- stddev: 1642010793202.67
6432856320050.32 11416  stress-ng-cpu  --- stddev: 887576003827.13
6417524559330.82 17     rcu_preempt    --- stddev: 1013953785527.14
6416167025511.25 11418  stress-ng-cpu  --- stddev: 1193419606244.42
6384508381737.10 652    kworker/5:2    --- stddev: 296547059532.04
6316930080017.90 11415  stress-ng-cpu  --- stddev: 702613100790.16
6212388727230.73 48     ksoftirqd/5    --- stddev: 343207320273.79
6173187804718.28 11409  stress-ng-cpu  --- stddev: 1186426865383.93
6105599298390.45 11413  stress-ng-cpu  --- stddev: 1129159049353.46
5943751246183.64 11411  stress-ng-cpu  --- stddev: 1281106876532.58
5786173656502.44 11412  stress-ng-cpu  --- stddev: 1428321557105.03
5481067819478.89 229    kworker/8:2    --- stddev: 311985063365.75
5458099700247.77 10967  kworker/3:0    --- stddev: 25403224895.69
5452949094950.06 36     ksoftirqd/3    --- stddev: 29687544957.20
5382465191490.50 304    jbd2/sda2-8    --- stddev: 420498303136.91
5363906224603.29 66     ksoftirqd/8    --- stddev: 361687429473.10
5016693345149.43 30     ksoftirqd/2    --- stddev: 270259219934.84
4982210242309.58 2129   kworker/2:2    --- stddev: 243821684701.64
4853150942660.31 2138   kworker/u20:1  --- stddev: 1914496265198.00
2703279142904.86 54     ksoftirqd/6    --- stddev: 26414760002.99
2686088411116.31 55     kworker/6:0    --- stddev: 24557922909.89
3219867.00 11432  stress-ng-prio --- stddev: 0.00
514609.00 11433  stress-ng-prio --- stddev: 0.00
0.00 423    multipathd     --- stddev: 0.00
0.00 0      swapper/9      --- stddev: 0.00
0.00 0      swapper/7      --- stddev: 0.00
0.00 0      swapper/6      --- stddev: 0.00
0.00 0      swapper/5      --- stddev: 0.00
0.00 0      swapper/4      --- stddev: 0.00
0.00 0      swapper/3      --- stddev: 0.00
0.00 0      swapper/0      --- stddev: 0.00
